I'm sorry, but errors were detected in your script. Please correct the
errors listed below, and try again.


File "game/script.rpy", line 36: Menu does not contain any choices.
    menu select_country:
                        ^

Ren'Py Version: Ren'Py 7.4.8.1895
Sun Oct 24 16:57:41 2021
